[backblue.gif]
[fade.gif]
[index.html]
[cdn.jsdelivr.net/npm/bootstrap@4.0.0/dist/css/bootstrap.min.css]
[103.146.30.155_82/assets/img/ban.png]
[103.146.30.155_82/assets/img/psj.png]
[code.jquery.com/jquery-3.2.1.js]
[cdn.jsdelivr.net/npm/bootstrap@4.0.0/dist/js/bootstrap.min.js]
[103.146.30.155_82/assets/bootstraptable/bootstrap-table.js]
[103.146.30.155_82/assets/js/ajaxfileupload.js]
[103.146.30.155_82/assets/js/function.js]
[103.146.30.155_82/assets/adminlte320/plugins/moment/moment.min.js]
[103.146.30.155_82/assets/adminlte320/plugins/tempusdominus-bootstrap-4/js/tempusdominus-bootstrap-4.min.js]
[103.146.30.155_82/recruit/recruitCrew.html]
[cdn.jsdelivr.net/npm/bootstrap@4.0.0/dist/css/bootstrap.min.css]
[103.146.30.155_82/assets/bootstraptable/bootstrap-table.css]
[103.146.30.155_82/assets/adminlte320/plugins/fontawesome-free/css/all.min.css]
[103.146.30.155_82/assets/adminlte320/plugins/tempusdominus-bootstrap-4/css/tempusdominus-bootstrap-4.min.css]
[103.146.30.155_82/assets/js/vendor/jquery-slim.min.html]
